// Jest Snapshot v1, https://goo.gl/fbAQLP

exports[`matches snapshot - new board 1`] = `
<DocumentFragment>
  <table>
    <tbody>
      <tr>
        <td
          class="Cell Cell-lit"
          data-testid="0-0"
        />
        <td
          class="Cell Cell-lit"
          data-testid="0-1"
        />
      </tr>
      <tr>
        <td
          class="Cell Cell-lit"
          data-testid="1-0"
        />
        <td
          class="Cell Cell-lit"
          data-testid="1-1"
        />
      </tr>
    </tbody>
  </table>
</DocumentFragment>
`;

exports[`matches snapshot - winning 1`] = `
<DocumentFragment>
  <p>
    You Won!
  </p>
</DocumentFragment>
`;
